Already up to date.
Already up to date.
[main dc7f854] Sync automatico 06/10/2026 11:15:11,00
 6 files changed, 105 insertions(+), 49 deletions(-)
 create mode 100644 UT1_PHP/Practica1/agenda.php
 create mode 100644 UT1_PHP/Practica1/imprimir.php
 create mode 100644 UT1_PHP/Practica1/nuevocontacto.php
 create mode 100644 UT1_PHP/Practica1/vaciar.php
 create mode 100644 sync.log
To https://github.com/Carra23/php.git
   bf0117a..dc7f854  main -> main
[main 5f1136f] Sync automatico 06/10/2026 14:27:21,01
 2 files changed, 9 insertions(+)
 create mode 100644 UT1_PHP/Practica1/AgendaJoseAngelCarralero.zip
To https://github.com/Carra23/php.git
   dc7f854..5f1136f  main -> main
fatal: unable to access 'https://github.com/Carra23/php.git/': Could not resolve host: github.com
Already up to date.
Already up to date.
[main 3ba2a8b] Sync automatico 07/10/2026 14:10:01,94
 4 files changed, 15 insertions(+), 4 deletions(-)
To https://github.com/Carra23/php.git
   5f1136f..3ba2a8b  main -> main
[main 98cb8df] Sync automatico 07/10/2026 14:25:02,10
 1 file changed, 4 insertions(+)
To https://github.com/Carra23/php.git
   3ba2a8b..98cb8df  main -> main
Already up to date.
Already up to date.
Already up to date.
[main 3de7ff4] Sync automatico 08/10/2026 14:25:02,01
 1 file changed, 7 insertions(+)
To https://github.com/Carra23/php.git
   98cb8df..3de7ff4  main -> main
Already up to date.
Already up to date.
Already up to date.
